[INFO] Scanning for projects...
[INFO] 
[INFO] ------------------------< com.bng:bng-ordering >------------------------
[INFO] Building BNG Ordering Backend 1.0.0-SNAPSHOT
[INFO]   from pom.xml
[INFO] --------------------------------[ jar ]---------------------------------
[INFO] 
[INFO] >>> spring-boot:3.2.5:run (default-cli) > test-compile @ bng-ordering >>>
[INFO] 
[INFO] --- resources:3.3.1:resources (default-resources) @ bng-ordering ---
[INFO] Copying 1 resource from src\main\resources to target\classes
[INFO] Copying 0 resource from src\main\resources to target\classes
[INFO] 
[INFO] --- compiler:3.11.0:compile (default-compile) @ bng-ordering ---
[INFO] Nothing to compile - all classes are up to date
[INFO] 
[INFO] --- resources:3.3.1:testResources (default-testResources) @ bng-ordering ---
[INFO] skip non existing resourceDirectory C:\Users\aluri\Documents\BNG\backend\src\test\resources
[INFO] 
[INFO] --- compiler:3.11.0:testCompile (default-testCompile) @ bng-ordering ---
[INFO] Nothing to compile - all classes are up to date
[INFO] 
[INFO] <<< spring-boot:3.2.5:run (default-cli) < test-compile @ bng-ordering <<<
[INFO] 
[INFO] 
[INFO] --- spring-boot:3.2.5:run (default-cli) @ bng-ordering ---
[INFO] Attaching agents: []

  .   ____          _            __ _ _
 /\\ / ___'_ __ _ _(_)_ __  __ _ \ \ \ \
( ( )\___ | '_ | '_| | '_ \/ _` | \ \ \ \
 \\/  ___)| |_)| | | | | || (_| |  ) ) ) )
  '  |____| .__|_| |_|_| |_\__, | / / / /
 =========|_|==============|___/=/_/_/_/
 :: Spring Boot ::                (v3.2.5)

2026-08-12T14:52:31.505-04:00  INFO 39004 --- [bng-ordering] [           main] c.bng.ordering.BngOrderingApplication    : Starting BngOrderingApplication using Java 21.0.5 with PID 39004 (C:\Users\aluri\Documents\BNG\backend\target\classes started by aluri in C:\Users\aluri\Documents\BNG\backend)
2026-08-12T14:52:31.507-04:00 DEBUG 39004 --- [bng-ordering] [           main] c.bng.ordering.BngOrderingApplication    : Running with Spring Boot v3.2.5, Spring v6.1.6
2026-08-12T14:52:31.508-04:00  INFO 39004 --- [bng-ordering] [           main] c.bng.ordering.BngOrderingApplication    : No active profile set, falling back to 1 default profile: "default"
2026-08-12T14:52:32.323-04:00  INFO 39004 --- [bng-ordering] [           main] o.s.b.w.embedded.tomcat.TomcatWebServer  : Tomcat initialized with port 8080 (http)
2026-08-12T14:52:32.335-04:00  INFO 39004 --- [bng-ordering] [           main] o.apache.catalina.core.StandardService   : Starting service [Tomcat]
2026-08-12T14:52:32.335-04:00  INFO 39004 --- [bng-ordering] [           main] o.apache.catalina.core.StandardEngine    : Starting Servlet engine: [Apache Tomcat/10.1.20]
2026-08-12T14:52:32.379-04:00  INFO 39004 --- [bng-ordering] [           main] o.a.c.c.C.[Tomcat].[localhost].[/]       : Initializing Spring embedded WebApplicationContext
2026-08-12T14:52:32.380-04:00  INFO 39004 --- [bng-ordering] [           main] w.s.c.ServletWebServerApplicationContext : Root WebApplicationContext: initialization completed in 834 ms
2026-08-12T14:52:32.887-04:00  INFO 39004 --- [bng-ordering] [           main] o.s.b.w.embedded.tomcat.TomcatWebServer  : Tomcat started on port 8080 (http) with context path ''
2026-08-12T14:52:32.893-04:00  INFO 39004 --- [bng-ordering] [           main] c.bng.ordering.BngOrderingApplication    : Started BngOrderingApplication in 1.707 seconds (process running for 2.006)
2026-08-12T14:52:38.755-04:00  INFO 39004 --- [bng-ordering] [nio-8080-exec-1] o.a.c.c.C.[Tomcat].[localhost].[/]       : Initializing Spring DispatcherServlet 'dispatcherServlet'
2026-08-12T14:52:38.755-04:00  INFO 39004 --- [bng-ordering] [nio-8080-exec-1] o.s.web.servlet.DispatcherServlet        : Initializing Servlet 'dispatcherServlet'
2026-08-12T14:52:38.756-04:00  INFO 39004 --- [bng-ordering] [nio-8080-exec-1] o.s.web.servlet.DispatcherServlet        : Completed initialization in 1 ms
